MPLINK 4.40, Linker
Linker Map File - Created Thu Apr 22 15:27:22 2021

                                 Section Info
                  Section       Type    Address   Location Size(Bytes)
                ---------  ---------  ---------  ---------  ---------
                   .org_0       code   0x000000    program   0x000004
                   .cinit    romdata   0x000004    program   0x000002
                   .org_1       code   0x000008    program   0x000002
                   .org_2       code   0x000018    program   0x000054



                              Program Memory Usage 
                               Start         End      
                           ---------   ---------      
                            0x000000    0x000005      
                            0x000008    0x000009      
                            0x000018    0x00006b      
            92 out of 33048 program addresses used, program memory utilization is 0%



                              Symbols - Sorted by Name
                     Name    Address   Location    Storage File                     
                ---------  ---------  ---------  --------- ---------                
                   again1   0x00001e    program     static E:\Midtem Project~DE96562\midterm project.asm
                   again2   0x000022    program     static E:\Midtem Project~DE96562\midterm project.asm
              delay10msec   0x00001a    program     static E:\Midtem Project~DE96562\midterm project.asm
                show_bcd1   0x000054    program     static E:\Midtem Project~DE96562\midterm project.asm
                show_bcd2   0x000062    program     static E:\Midtem Project~DE96562\midterm project.asm
                    start   0x00004e    program     static E:\Midtem Project~DE96562\midterm project.asm



                              Symbols - Sorted by Address
                     Name    Address   Location    Storage File                     
                ---------  ---------  ---------  --------- ---------                
              delay10msec   0x00001a    program     static E:\Midtem Project~DE96562\midterm project.asm
                   again1   0x00001e    program     static E:\Midtem Project~DE96562\midterm project.asm
                   again2   0x000022    program     static E:\Midtem Project~DE96562\midterm project.asm
                    start   0x00004e    program     static E:\Midtem Project~DE96562\midterm project.asm
                show_bcd1   0x000054    program     static E:\Midtem Project~DE96562\midterm project.asm
                show_bcd2   0x000062    program     static E:\Midtem Project~DE96562\midterm project.asm


